Starting a Gradle Daemon (subsequent builds will be faster)

> Configure project :app
Checking the license for package NDK (Side by side) 26.1.10909125 in /usr/local/lib/android/sdk/licenses
License for package NDK (Side by side) 26.1.10909125 accepted.
Preparing "Install NDK (Side by side) 26.1.10909125 v.26.1.10909125".
"Install NDK (Side by side) 26.1.10909125 v.26.1.10909125" ready.
Installing NDK (Side by side) 26.1.10909125 in /usr/local/lib/android/sdk/ndk/26.1.10909125
"Install NDK (Side by side) 26.1.10909125 v.26.1.10909125" complete.
"Install NDK (Side by side) 26.1.10909125 v.26.1.10909125" finished.

> Task :wrapper
gradle/actions: Writing build results to /home/runner/work/_temp/.gradle-actions/build-results/build_apk-1788606818953.json

BUILD SUCCESSFUL in 30s
1 actionable task: 1 executed
Building with GEGL linked (-PnativeDepsPrefix=/home/runner/work/layercraft/layercraft/native-prefix)
> Task :app:preBuild UP-TO-DATE
> Task :app:preDebugBuild UP-TO-DATE
> Task :app:mergeDebugNativeDebugMetadata NO-SOURCE
> Task :app:checkKotlinGradlePluginConfigurationErrors SKIPPED
> Task :app:generateDebugResValues
> Task :app:checkDebugAarMetadata
> Task :app:mapDebugSourceSetPaths
> Task :app:generateDebugResources
> Task :app:packageDebugResources
> Task :app:createDebugCompatibleScreenManifests
> Task :app:extractDeepLinksDebug
> Task :app:parseDebugLocalResources
> Task :app:mergeDebugResources
> Task :app:processDebugMainManifest
> Task :app:processDebugManifest
> Task :app:processDebugManifestForPackage
> Task :app:javaPreCompileDebug
> Task :app:mergeDebugShaders
> Task :app:compileDebugShaders NO-SOURCE
> Task :app:generateDebugAssets UP-TO-DATE
> Task :app:mergeDebugAssets
> Task :app:compressDebugAssets
> Task :app:desugarDebugFileDependencies
> Task :app:checkDebugDuplicateClasses
> Task :app:processDebugResources

> Task :app:configureCMakeDebug[arm64-v8a]
Checking the license for package CMake 3.22.1 in /usr/local/lib/android/sdk/licenses
License for package CMake 3.22.1 accepted.
Preparing "Install CMake 3.22.1 v.3.22.1".
"Install CMake 3.22.1 v.3.22.1" ready.
Installing CMake 3.22.1 in /usr/local/lib/android/sdk/cmake/3.22.1
"Install CMake 3.22.1 v.3.22.1" complete.
"Install CMake 3.22.1 v.3.22.1" finished.

> Task :app:mergeLibDexDebug
> Task :app:buildCMakeDebug[arm64-v8a]
> Task :app:mergeDebugJniLibFolders
> Task :app:mergeDebugNativeLibs
> Task :app:validateSigningDebug
> Task :app:writeDebugAppMetadata
> Task :app:writeDebugSigningConfigVersions
> Task :app:stripDebugDebugSymbols
> Task :app:mergeExtDexDebug
> Task :app:compileDebugKotlin
> Task :app:compileDebugJavaWithJavac NO-SOURCE
> Task :app:dexBuilderDebug
> Task :app:mergeDebugGlobalSynthetics
> Task :app:processDebugJavaRes
> Task :app:mergeProjectDexDebug
> Task :app:mergeDebugJavaResource
> Task :app:packageDebug
> Task :app:createDebugApkListingFileRedirect
> Task :app:assembleDebug
gradle/actions: Writing build results to /home/runner/work/_temp/.gradle-actions/build-results/build_apk-1788606846061.json

BUILD SUCCESSFUL in 27s
37 actionable tasks: 37 executed
